2025-09-16 14:40:00,617 INFO o.a.j.u.JMeterUtils: Setting Locale to en_EN
2025-09-16 14:40:00,688 INFO o.a.j.JMeter: Loading user properties from: user.properties
2025-09-16 14:40:00,722 INFO o.a.j.JMeter: Loading system properties from: system.properties
2025-09-16 14:40:00,744 INFO o.a.j.JMeter: Copyright (c) 1998-2024 The Apache Software Foundation
2025-09-16 14:40:00,744 INFO o.a.j.JMeter: Version 5.6.3
2025-09-16 14:40:00,746 INFO o.a.j.JMeter: java.version=1.8.0_462
2025-09-16 14:40:00,746 INFO o.a.j.JMeter: java.vm.name=OpenJDK 64-Bit Server VM
2025-09-16 14:40:00,746 INFO o.a.j.JMeter: os.name=Windows 11
2025-09-16 14:40:00,746 INFO o.a.j.JMeter: os.arch=amd64
2025-09-16 14:40:00,746 INFO o.a.j.JMeter: os.version=10.0
2025-09-16 14:40:00,746 INFO o.a.j.JMeter: file.encoding=Cp1252
2025-09-16 14:40:00,746 INFO o.a.j.JMeter: java.awt.headless=null
2025-09-16 14:40:00,746 INFO o.a.j.JMeter: Max memory     =1073741824
2025-09-16 14:40:00,746 INFO o.a.j.JMeter: Available Processors =8
2025-09-16 14:40:00,763 INFO o.a.j.JMeter: Default Locale=English (EN)
2025-09-16 14:40:00,763 INFO o.a.j.JMeter: JMeter  Locale=English (EN)
2025-09-16 14:40:00,763 INFO o.a.j.JMeter: JMeterHome=C:\JMeter\apache-jmeter-5.6.3\apache-jmeter-5.6.3
2025-09-16 14:40:00,763 INFO o.a.j.JMeter: user.dir  =C:\JMeter\apache-jmeter-5.6.3\apache-jmeter-5.6.3\bin
2025-09-16 14:40:00,763 INFO o.a.j.JMeter: PWD       =C:\JMeter\apache-jmeter-5.6.3\apache-jmeter-5.6.3\bin
2025-09-16 14:40:00,771 INFO o.a.j.JMeter: IP: 192.168.1.5 Name: EQPL0924P13 FullName: EQPL0924P13
2025-09-16 14:40:00,832 INFO o.a.j.JMeter: Loaded icon properties from org/apache/jmeter/images/icon.properties
2025-09-16 14:40:01,705 INFO o.a.j.JMeterGuiLauncher: Setting LAF to: com.github.weisj.darklaf.DarkLaf:com.github.weisj.darklaf.theme.OneDarkTheme
2025-09-16 14:40:04,904 INFO o.a.j.r.ClassFinder: Will scan jar C:\JMeter\apache-jmeter-5.6.3\apache-jmeter-5.6.3\lib\ext\jmeter-plugins-manager-1.11.jar with filter ExtendsClassFilter [parents=[interface org.apache.jmeter.gui.action.Command], inner=false, contains=null, notContains=null]. Consider exposing JMeter plugins via META-INF/services, and add JMeter-Skip-Class-Scanning=true manifest attribute so JMeter can skip classfile scanning
2025-09-16 14:40:05,104 INFO o.a.j.r.ClassFinder: Will scan jar C:\JMeter\apache-jmeter-5.6.3\apache-jmeter-5.6.3\lib\ext\jmeter-plugins-perfmon-2.1.jar with filter ExtendsClassFilter [parents=[interface org.apache.jmeter.gui.action.Command], inner=false, contains=null, notContains=null]. Consider exposing JMeter plugins via META-INF/services, and add JMeter-Skip-Class-Scanning=true manifest attribute so JMeter can skip classfile scanning
2025-09-16 14:40:05,124 INFO o.a.j.r.ClassFinder: Will scan jar C:\JMeter\apache-jmeter-5.6.3\apache-jmeter-5.6.3\lib\ext\JMeterWebSocketSampler-1.0.2-SNAPSHOT.jar with filter ExtendsClassFilter [parents=[interface org.apache.jmeter.gui.action.Command], inner=false, contains=null, notContains=null]. Consider exposing JMeter plugins via META-INF/services, and add JMeter-Skip-Class-Scanning=true manifest attribute so JMeter can skip classfile scanning
2025-09-16 14:40:05,130 INFO o.a.j.r.ClassFinder: Will scan jar C:\JMeter\apache-jmeter-5.6.3\apache-jmeter-5.6.3\lib\ext\jmeter-websocket-samplers-1.3.1.jar with filter ExtendsClassFilter [parents=[interface org.apache.jmeter.gui.action.Command], inner=false, contains=null, notContains=null]. Consider exposing JMeter plugins via META-INF/services, and add JMeter-Skip-Class-Scanning=true manifest attribute so JMeter can skip classfile scanning
2025-09-16 14:40:05,320 INFO o.a.j.r.ClassFinder: Will scan jar C:\JMeter\apache-jmeter-5.6.3\apache-jmeter-5.6.3\lib\ext\jmeter-plugins-manager-1.11.jar with filter ExtendsClassFilter [parents=[interface org.apache.jmeter.gui.plugin.MenuCreator], inner=false, contains=null, notContains=null]. Consider exposing JMeter plugins via META-INF/services, and add JMeter-Skip-Class-Scanning=true manifest attribute so JMeter can skip classfile scanning
2025-09-16 14:40:05,325 INFO o.a.j.r.ClassFinder: Will scan jar C:\JMeter\apache-jmeter-5.6.3\apache-jmeter-5.6.3\lib\ext\jmeter-plugins-perfmon-2.1.jar with filter ExtendsClassFilter [parents=[interface org.apache.jmeter.gui.plugin.MenuCreator], inner=false, contains=null, notContains=null]. Consider exposing JMeter plugins via META-INF/services, and add JMeter-Skip-Class-Scanning=true manifest attribute so JMeter can skip classfile scanning
2025-09-16 14:40:05,325 INFO o.a.j.r.ClassFinder: Will scan jar C:\JMeter\apache-jmeter-5.6.3\apache-jmeter-5.6.3\lib\ext\JMeterWebSocketSampler-1.0.2-SNAPSHOT.jar with filter ExtendsClassFilter [parents=[interface org.apache.jmeter.gui.plugin.MenuCreator], inner=false, contains=null, notContains=null]. Consider exposing JMeter plugins via META-INF/services, and add JMeter-Skip-Class-Scanning=true manifest attribute so JMeter can skip classfile scanning
2025-09-16 14:40:05,328 INFO o.a.j.r.ClassFinder: Will scan jar C:\JMeter\apache-jmeter-5.6.3\apache-jmeter-5.6.3\lib\ext\jmeter-websocket-samplers-1.3.1.jar with filter ExtendsClassFilter [parents=[interface org.apache.jmeter.gui.plugin.MenuCreator], inner=false, contains=null, notContains=null]. Consider exposing JMeter plugins via META-INF/services, and add JMeter-Skip-Class-Scanning=true manifest attribute so JMeter can skip classfile scanning
2025-09-16 14:40:06,941 INFO o.j.r.JARSourceHTTP: Requesting https://jmeter-plugins.org/repo/?installID=windows_11-b35ccc375706c69b1b6f20f08e91d785-gui
2025-09-16 14:40:13,473 INFO o.j.r.PluginManager: Plugins Status: [jpgc-perfmon=2.1, jpgc-plugins-manager=1.11, websocket-sampler=1.0.2-SNAPSHOT, websocket-samplers=1.3.1, jmeter-core=5.6.3, jmeter-ftp=5.6.3, jmeter-http=5.6.3, jmeter-jdbc=5.6.3, jmeter-jms=5.6.3, jmeter-junit=5.6.3, jmeter-java=5.6.3, jmeter-ldap=5.6.3, jmeter-mail=5.6.3, jmeter-mongodb=5.6.3, jmeter-native=5.6.3, jmeter-tcp=5.6.3, jmeter-components=5.6.3]
2025-09-16 14:41:04,993 INFO o.a.j.s.FileServer: Default base='C:\JMeter\apache-jmeter-5.6.3\apache-jmeter-5.6.3\bin'
2025-09-16 14:41:04,997 INFO o.a.j.g.a.Load: Loading file: C:\JMeter\apache-jmeter-5.6.3\apache-jmeter-5.6.3\bin\DeepFakeAPILoad.jmx
2025-09-16 14:41:04,997 INFO o.a.j.s.FileServer: Set new base='C:\JMeter\apache-jmeter-5.6.3\apache-jmeter-5.6.3\bin'
2025-09-16 14:41:05,312 INFO o.a.j.s.SaveService: Testplan (JMX) version: 2.2. Testlog (JTL) version: 2.2
2025-09-16 14:41:05,348 INFO o.a.j.s.SaveService: Using SaveService properties file encoding UTF-8
2025-09-16 14:41:05,348 INFO o.a.j.s.SaveService: Using SaveService properties version 5.0
2025-09-16 14:41:05,348 INFO o.a.j.s.SaveService: Loading file: C:\JMeter\apache-jmeter-5.6.3\apache-jmeter-5.6.3\bin\DeepFakeAPILoad.jmx
2025-09-16 14:41:05,569 INFO o.a.j.p.h.s.HTTPSamplerBase: Parser for text/html is org.apache.jmeter.protocol.http.parser.LagartoBasedHtmlParser
2025-09-16 14:41:05,569 INFO o.a.j.p.h.s.HTTPSamplerBase: Parser for application/xhtml+xml is org.apache.jmeter.protocol.http.parser.LagartoBasedHtmlParser
2025-09-16 14:41:05,569 INFO o.a.j.p.h.s.HTTPSamplerBase: Parser for application/xml is org.apache.jmeter.protocol.http.parser.LagartoBasedHtmlParser
2025-09-16 14:41:05,571 INFO o.a.j.p.h.s.HTTPSamplerBase: Parser for text/xml is org.apache.jmeter.protocol.http.parser.LagartoBasedHtmlParser
2025-09-16 14:41:05,571 INFO o.a.j.p.h.s.HTTPSamplerBase: Parser for text/vnd.wap.wml is org.apache.jmeter.protocol.http.parser.RegexpHTMLParser
2025-09-16 14:41:05,571 INFO o.a.j.p.h.s.HTTPSamplerBase: Parser for text/css is org.apache.jmeter.protocol.http.parser.CssParser
2025-09-16 14:41:05,931 INFO o.a.j.s.SampleResult: Note: Sample TimeStamps are START times
2025-09-16 14:41:05,931 INFO o.a.j.s.SampleResult: sampleresult.default.encoding is set to UTF-8
2025-09-16 14:41:05,931 INFO o.a.j.s.SampleResult: sampleresult.useNanoTime=true
2025-09-16 14:41:05,931 INFO o.a.j.s.SampleResult: sampleresult.nanoThreadSleep=5000
2025-09-16 14:41:06,209 INFO o.a.j.r.ClassFinder: Will scan jar C:\JMeter\apache-jmeter-5.6.3\apache-jmeter-5.6.3\lib\ext\jmeter-plugins-manager-1.11.jar with filter ExtendsClassFilter [parents=[interface org.apache.jmeter.visualizers.ResultRenderer], inner=false, contains=null, notContains=null]. Consider exposing JMeter plugins via META-INF/services, and add JMeter-Skip-Class-Scanning=true manifest attribute so JMeter can skip classfile scanning
2025-09-16 14:41:06,215 INFO o.a.j.r.ClassFinder: Will scan jar C:\JMeter\apache-jmeter-5.6.3\apache-jmeter-5.6.3\lib\ext\jmeter-plugins-perfmon-2.1.jar with filter ExtendsClassFilter [parents=[interface org.apache.jmeter.visualizers.ResultRenderer], inner=false, contains=null, notContains=null]. Consider exposing JMeter plugins via META-INF/services, and add JMeter-Skip-Class-Scanning=true manifest attribute so JMeter can skip classfile scanning
2025-09-16 14:41:06,215 INFO o.a.j.r.ClassFinder: Will scan jar C:\JMeter\apache-jmeter-5.6.3\apache-jmeter-5.6.3\lib\ext\JMeterWebSocketSampler-1.0.2-SNAPSHOT.jar with filter ExtendsClassFilter [parents=[interface org.apache.jmeter.visualizers.ResultRenderer], inner=false, contains=null, notContains=null]. Consider exposing JMeter plugins via META-INF/services, and add JMeter-Skip-Class-Scanning=true manifest attribute so JMeter can skip classfile scanning
2025-09-16 14:41:06,215 INFO o.a.j.r.ClassFinder: Will scan jar C:\JMeter\apache-jmeter-5.6.3\apache-jmeter-5.6.3\lib\ext\jmeter-websocket-samplers-1.3.1.jar with filter ExtendsClassFilter [parents=[interface org.apache.jmeter.visualizers.ResultRenderer], inner=false, contains=null, notContains=null]. Consider exposing JMeter plugins via META-INF/services, and add JMeter-Skip-Class-Scanning=true manifest attribute so JMeter can skip classfile scanning
2025-09-16 14:41:06,244 INFO o.a.j.r.ClassFinder: Will scan jar C:\JMeter\apache-jmeter-5.6.3\apache-jmeter-5.6.3\lib\ext\jmeter-plugins-manager-1.11.jar with filter ExtendsClassFilter [parents=[interface org.apache.jmeter.visualizers.RequestView], inner=false, contains=null, notContains=null]. Consider exposing JMeter plugins via META-INF/services, and add JMeter-Skip-Class-Scanning=true manifest attribute so JMeter can skip classfile scanning
2025-09-16 14:41:06,251 INFO o.a.j.r.ClassFinder: Will scan jar C:\JMeter\apache-jmeter-5.6.3\apache-jmeter-5.6.3\lib\ext\jmeter-plugins-perfmon-2.1.jar with filter ExtendsClassFilter [parents=[interface org.apache.jmeter.visualizers.RequestView], inner=false, contains=null, notContains=null]. Consider exposing JMeter plugins via META-INF/services, and add JMeter-Skip-Class-Scanning=true manifest attribute so JMeter can skip classfile scanning
2025-09-16 14:41:06,253 INFO o.a.j.r.ClassFinder: Will scan jar C:\JMeter\apache-jmeter-5.6.3\apache-jmeter-5.6.3\lib\ext\JMeterWebSocketSampler-1.0.2-SNAPSHOT.jar with filter ExtendsClassFilter [parents=[interface org.apache.jmeter.visualizers.RequestView], inner=false, contains=null, notContains=null]. Consider exposing JMeter plugins via META-INF/services, and add JMeter-Skip-Class-Scanning=true manifest attribute so JMeter can skip classfile scanning
2025-09-16 14:41:06,255 INFO o.a.j.r.ClassFinder: Will scan jar C:\JMeter\apache-jmeter-5.6.3\apache-jmeter-5.6.3\lib\ext\jmeter-websocket-samplers-1.3.1.jar with filter ExtendsClassFilter [parents=[interface org.apache.jmeter.visualizers.RequestView], inner=false, contains=null, notContains=null]. Consider exposing JMeter plugins via META-INF/services, and add JMeter-Skip-Class-Scanning=true manifest attribute so JMeter can skip classfile scanning
2025-09-16 14:41:06,457 INFO o.a.j.s.FileServer: Set new base='C:\JMeter\apache-jmeter-5.6.3\apache-jmeter-5.6.3\bin'
